// Jest Snapshot v1, https://goo.gl/fbAQLP

exports[`<LoadingSpinner/> render 1`] = `"<div class=\\"CompletionInput\\"><input class=\\" CompletionInput__input\\" delay=\\"100\\" value=\\"\\" readonly=\\"\\" placeholder=\\"Parsing syntax...\\"/></div>"`;

exports[`<LoadingSpinner/> shallow 1`] = `ShallowWrapper {}`;

exports[`<LoadingSpinner/> shallow render 1`] = `ShallowWrapper {}`;
